<?xml version="1.0" encoding="ISO-8859-1" ?>
<link_info>
   <banner>TMS320C2000 Linker PC v20.2.4.LTS</banner>
   <copyright>Copyright (c) 1996-2018 Texas Instruments Incorporated</copyright>
   <link_time>0x61a171ca</link_time>
   <link_errors>0x0</link_errors>
   <output_file>Motor_Control.out</output_file>
   <entry_point>
      <name>code_start</name>
      <address>0x0</address>
   </entry_point>
   <input_file_list>
      <input_file id="fl-2">
         <path>.\</path>
         <kind>object</kind>
         <file>motor_control_main.obj</file>
         <name>motor_control_main.obj</name>
      </input_file>
      <input_file id="fl-3">
         <path>.\device\</path>
         <kind>object</kind>
         <file>device.obj</file>
         <name>device.obj</name>
      </input_file>
      <input_file id="fl-4">
         <path>.\device\</path>
         <kind>object</kind>
         <file>f28004x_codestartbranch.obj</file>
         <name>f28004x_codestartbranch.obj</name>
      </input_file>
      <input_file id="fl-5">
         <path>.\device\</path>
         <kind>object</kind>
         <file>my_board.obj</file>
         <name>my_board.obj</name>
      </input_file>
      <input_file id="fl-a">
         <kind>object</kind>
         <file>&lt;internal&gt;</file>
         <name>&lt;internal&gt;</name>
      </input_file>
      <input_file id="fl-e">
         <path>C:\ti\c2000\C2000Ware_3_04_00_00\driverlib\f28004x\driverlib\ccs\Debug\</path>
         <kind>archive</kind>
         <file>driverlib_eabi.lib</file>
         <name>adc.obj</name>
      </input_file>
      <input_file id="fl-f">
         <path>C:\ti\c2000\C2000Ware_3_04_00_00\driverlib\f28004x\driverlib\ccs\Debug\</path>
         <kind>archive</kind>
         <file>driverlib_eabi.lib</file>
         <name>gpio.obj</name>
      </input_file>
      <input_file id="fl-10">
         <path>C:\ti\c2000\C2000Ware_3_04_00_00\driverlib\f28004x\driverlib\ccs\Debug\</path>
         <kind>archive</kind>
         <file>driverlib_eabi.lib</file>
         <name>interrupt.obj</name>
      </input_file>
      <input_file id="fl-11">
         <path>C:\ti\c2000\C2000Ware_3_04_00_00\driverlib\f28004x\driverlib\ccs\Debug\</path>
         <kind>archive</kind>
         <file>driverlib_eabi.lib</file>
         <name>spi.obj</name>
      </input_file>
      <input_file id="fl-12">
         <path>C:\ti\c2000\C2000Ware_3_04_00_00\driverlib\f28004x\driverlib\ccs\Debug\</path>
         <kind>archive</kind>
         <file>driverlib_eabi.lib</file>
         <name>sysctl.obj</name>
      </input_file>
      <input_file id="fl-1e">
         <path>C:\ti\ccs1031\ccs\tools\compiler\ti-cgt-c2000_20.2.4.LTS\lib\</path>
         <kind>archive</kind>
         <file>rts2800_fpu32_eabi.lib</file>
         <name>s_sinf.c.obj</name>
      </input_file>
      <input_file id="fl-1f">
         <path>C:\ti\ccs1031\ccs\tools\compiler\ti-cgt-c2000_20.2.4.LTS\lib\</path>
         <kind>archive</kind>
         <file>rts2800_fpu32_eabi.lib</file>
         <name>boot28.asm.obj</name>
      </input_file>
      <input_file id="fl-20">
         <path>C:\ti\ccs1031\ccs\tools\compiler\ti-cgt-c2000_20.2.4.LTS\lib\</path>
         <kind>archive</kind>
         <file>rts2800_fpu32_eabi.lib</file>
         <name>fs_div28.asm.obj</name>
      </input_file>
      <input_file id="fl-21">
         <path>C:\ti\ccs1031\ccs\tools\compiler\ti-cgt-c2000_20.2.4.LTS\lib\</path>
         <kind>archive</kind>
         <file>rts2800_fpu32_eabi.lib</file>
         <name>ll_cmp28.asm.obj</name>
      </input_file>
      <input_file id="fl-22">
         <path>C:\ti\ccs1031\ccs\tools\compiler\ti-cgt-c2000_20.2.4.LTS\lib\</path>
         <kind>archive</kind>
         <file>rts2800_fpu32_eabi.lib</file>
         <name>pre_init.c.obj</name>
      </input_file>
      <input_file id="fl-23">
         <path>C:\ti\ccs1031\ccs\tools\compiler\ti-cgt-c2000_20.2.4.LTS\lib\</path>
         <kind>archive</kind>
         <file>rts2800_fpu32_eabi.lib</file>
         <name>autoinit.c.obj</name>
      </input_file>
      <input_file id="fl-24">
         <path>C:\ti\ccs1031\ccs\tools\compiler\ti-cgt-c2000_20.2.4.LTS\lib\</path>
         <kind>archive</kind>
         <file>rts2800_fpu32_eabi.lib</file>
         <name>copy_zero_init.c.obj</name>
      </input_file>
      <input_file id="fl-25">
         <path>C:\ti\ccs1031\ccs\tools\compiler\ti-cgt-c2000_20.2.4.LTS\lib\</path>
         <kind>archive</kind>
         <file>rts2800_fpu32_eabi.lib</file>
         <name>copy_decompress_none.c.obj</name>
      </input_file>
      <input_file id="fl-26">
         <path>C:\ti\ccs1031\ccs\tools\compiler\ti-cgt-c2000_20.2.4.LTS\lib\</path>
         <kind>archive</kind>
         <file>rts2800_fpu32_eabi.lib</file>
         <name>copy_decompress_lzss.c.obj</name>
      </input_file>
      <input_file id="fl-27">
         <path>C:\ti\ccs1031\ccs\tools\compiler\ti-cgt-c2000_20.2.4.LTS\lib\</path>
         <kind>archive</kind>
         <file>rts2800_fpu32_eabi.lib</file>
         <name>exit.c.obj</name>
      </input_file>
      <input_file id="fl-28">
         <path>C:\ti\ccs1031\ccs\tools\compiler\ti-cgt-c2000_20.2.4.LTS\lib\</path>
         <kind>archive</kind>
         <file>rts2800_fpu32_eabi.lib</file>
         <name>_lock.c.obj</name>
      </input_file>
      <input_file id="fl-29">
         <path>C:\ti\ccs1031\ccs\tools\compiler\ti-cgt-c2000_20.2.4.LTS\lib\</path>
         <kind>archive</kind>
         <file>rts2800_fpu32_eabi.lib</file>
         <name>args_main.c.obj</name>
      </input_file>
      <input_file id="fl-2a">
         <path>C:\ti\ccs1031\ccs\tools\compiler\ti-cgt-c2000_20.2.4.LTS\lib\</path>
         <kind>archive</kind>
         <file>rts2800_fpu32_eabi.lib</file>
         <name>memset.c.obj</name>
      </input_file>
      <input_file id="fl-2b">
         <path>C:\ti\ccs1031\ccs\tools\compiler\ti-cgt-c2000_20.2.4.LTS\lib\</path>
         <kind>archive</kind>
         <file>rts2800_fpu32_eabi.lib</file>
         <name>cpy_tbl.c.obj</name>
      </input_file>
      <input_file id="fl-2c">
         <path>C:\ti\ccs1031\ccs\tools\compiler\ti-cgt-c2000_20.2.4.LTS\lib\</path>
         <kind>archive</kind>
         <file>rts2800_fpu32_eabi.lib</file>
         <name>memcpy.c.obj</name>
      </input_file>
      <input_file id="fl-2d">
         <path>C:\ti\ccs1031\ccs\tools\compiler\ti-cgt-c2000_20.2.4.LTS\lib\</path>
         <kind>archive</kind>
         <file>rts2800_fpu32_eabi.lib</file>
         <name>startup.c.obj</name>
      </input_file>
   </input_file_list>
   <object_component_list>
      <object_component id="oc-1e">
         <name>codestart</name>
         <load_address>0x0</load_address>
         <run_address>0x0</run_address>
         <size>0x2</size>
         <input_file_ref idref="fl-4"/>
      </object_component>
      <object_component id="oc-7c">
         <name>.TI.ramfunc</name>
         <load_address>0xf4</load_address>
         <run_address>0xf4</run_address>
         <size>0x4</size>
         <input_file_ref idref="fl-12"/>
      </object_component>
      <object_component id="oc-24">
         <name>.text</name>
         <load_address>0xf026</load_address>
         <run_address>0xf026</run_address>
         <size>0xb11</size>
         <input_file_ref idref="fl-2"/>
      </object_component>
      <object_component id="oc-55">
         <name>.text</name>
         <load_address>0xfb37</load_address>
         <run_address>0xfb37</run_address>
         <size>0x1aa</size>
         <input_file_ref idref="fl-3"/>
      </object_component>
      <object_component id="oc-23">
         <name>.text:retain</name>
         <load_address>0xfce1</load_address>
         <run_address>0xfce1</run_address>
         <size>0xbd</size>
         <input_file_ref idref="fl-2"/>
      </object_component>
      <object_component id="oc-a6">
         <name>.text:SysCtl_setClock</name>
         <load_address>0xfd9e</load_address>
         <run_address>0xfd9e</run_address>
         <size>0xb6</size>
         <input_file_ref idref="fl-12"/>
      </object_component>
      <object_component id="oc-13f">
         <name>.text:SysCtl_isPLLValid</name>
         <load_address>0xfe54</load_address>
         <run_address>0xfe54</run_address>
         <size>0xb2</size>
         <input_file_ref idref="fl-12"/>
      </object_component>
      <object_component id="oc-4f">
         <name>.text</name>
         <load_address>0xff06</load_address>
         <run_address>0xff06</run_address>
         <size>0x88</size>
         <input_file_ref idref="fl-20"/>
      </object_component>
      <object_component id="oc-67">
         <name>.text</name>
         <load_address>0xff8e</load_address>
         <run_address>0xff8e</run_address>
         <size>0x7c</size>
         <input_file_ref idref="fl-5"/>
      </object_component>
      <object_component id="oc-1ec">
         <name>.text:DCC_setCounterSeeds</name>
         <load_address>0x1000a</load_address>
         <run_address>0x1000a</run_address>
         <size>0x7a</size>
         <input_file_ref idref="fl-12"/>
      </object_component>
      <object_component id="oc-7d">
         <name>.text:ADC_setVREF</name>
         <load_address>0x10084</load_address>
         <run_address>0x10084</run_address>
         <size>0x64</size>
         <input_file_ref idref="fl-e"/>
      </object_component>
      <object_component id="oc-83">
         <name>.text:SPI_setConfig</name>
         <load_address>0x100e8</load_address>
         <run_address>0x100e8</run_address>
         <size>0x5c</size>
         <input_file_ref idref="fl-11"/>
      </object_component>
      <object_component id="oc-139">
         <name>.text:SysCtl_selectOscSource</name>
         <load_address>0x10144</load_address>
         <run_address>0x10144</run_address>
         <size>0x5b</size>
         <input_file_ref idref="fl-12"/>
      </object_component>
      <object_component id="oc-6d">
         <name>.text</name>
         <load_address>0x1019f</load_address>
         <run_address>0x1019f</run_address>
         <size>0x59</size>
         <input_file_ref idref="fl-1e"/>
      </object_component>
      <object_component id="oc-b9">
         <name>.text:GPIO_setPadConfig</name>
         <load_address>0x101f8</load_address>
         <run_address>0x101f8</run_address>
         <size>0x52</size>
         <input_file_ref idref="fl-f"/>
      </object_component>
      <object_component id="oc-ac">
         <name>.text:SysCtl_getClock</name>
         <load_address>0x1024a</load_address>
         <run_address>0x1024a</run_address>
         <size>0x51</size>
         <input_file_ref idref="fl-12"/>
      </object_component>
      <object_component id="oc-5b">
         <name>.text:Interrupt_initModule</name>
         <load_address>0x1029b</load_address>
         <run_address>0x1029b</run_address>
         <size>0x3d</size>
         <input_file_ref idref="fl-10"/>
      </object_component>
      <object_component id="oc-c5">
         <name>.text:GPIO_setAnalogMode</name>
         <load_address>0x102d8</load_address>
         <run_address>0x102d8</run_address>
         <size>0x3b</size>
         <input_file_ref idref="fl-f"/>
      </object_component>
      <object_component id="oc-ee">
         <name>.text:GPIO_setQualificationMode</name>
         <load_address>0x10313</load_address>
         <run_address>0x10313</run_address>
         <size>0x38</size>
         <input_file_ref idref="fl-f"/>
      </object_component>
      <object_component id="oc-e8">
         <name>.text:GPIO_setPinConfig</name>
         <load_address>0x1034b</load_address>
         <run_address>0x1034b</run_address>
         <size>0x37</size>
         <input_file_ref idref="fl-f"/>
      </object_component>
      <object_component id="oc-76">
         <name>.text:Interrupt_enable</name>
         <load_address>0x10382</load_address>
         <run_address>0x10382</run_address>
         <size>0x34</size>
         <input_file_ref idref="fl-10"/>
      </object_component>
      <object_component id="oc-bf">
         <name>.text:GPIO_setDirectionMode</name>
         <load_address>0x103b6</load_address>
         <run_address>0x103b6</run_address>
         <size>0x31</size>
         <input_file_ref idref="fl-f"/>
      </object_component>
      <object_component id="oc-11">
         <name>.text:decompress:lzss</name>
         <load_address>0x103e7</load_address>
         <run_address>0x103e7</run_address>
         <size>0x31</size>
         <input_file_ref idref="fl-26"/>
      </object_component>
      <object_component id="oc-174">
         <name>.text:__TI_auto_init_nobinit_nopinit</name>
         <load_address>0x10418</load_address>
         <run_address>0x10418</run_address>
         <size>0x2b</size>
         <input_file_ref idref="fl-23"/>
      </object_component>
      <object_component id="oc-12b">
         <name>.text</name>
         <load_address>0x10443</load_address>
         <run_address>0x10443</run_address>
         <size>0x29</size>
         <input_file_ref idref="fl-27"/>
      </object_component>
      <object_component id="oc-23b">
         <name>.text:SysCtl_pollX1Counter</name>
         <load_address>0x1046c</load_address>
         <run_address>0x1046c</run_address>
         <size>0x26</size>
         <input_file_ref idref="fl-12"/>
      </object_component>
      <object_component id="oc-1f2">
         <name>.text:DCC_enableSingleShotMode</name>
         <load_address>0x10492</load_address>
         <run_address>0x10492</run_address>
         <size>0x25</size>
         <input_file_ref idref="fl-12"/>
      </object_component>
      <object_component id="oc-1af">
         <name>.text:SysCtl_selectXTAL</name>
         <load_address>0x104b7</load_address>
         <run_address>0x104b7</run_address>
         <size>0x24</size>
         <input_file_ref idref="fl-12"/>
      </object_component>
      <object_component id="oc-61">
         <name>.text:Interrupt_initVectorTable</name>
         <load_address>0x104db</load_address>
         <run_address>0x104db</run_address>
         <size>0x20</size>
         <input_file_ref idref="fl-10"/>
      </object_component>
      <object_component id="oc-1e6">
         <name>.text:DCC_setCounter1ClkSource</name>
         <load_address>0x104fb</load_address>
         <run_address>0x104fb</run_address>
         <size>0x1f</size>
         <input_file_ref idref="fl-12"/>
      </object_component>
      <object_component id="oc-1e0">
         <name>.text:DCC_setCounter0ClkSource</name>
         <load_address>0x1051a</load_address>
         <run_address>0x1051a</run_address>
         <size>0x1d</size>
         <input_file_ref idref="fl-12"/>
      </object_component>
      <object_component id="oc-32">
         <name>.text</name>
         <load_address>0x10537</load_address>
         <run_address>0x10537</run_address>
         <size>0x1d</size>
         <input_file_ref idref="fl-2c"/>
      </object_component>
      <object_component id="oc-101">
         <name>.text:ADC_isBaseValid</name>
         <load_address>0x10554</load_address>
         <run_address>0x10554</run_address>
         <size>0x1a</size>
         <input_file_ref idref="fl-e"/>
      </object_component>
      <object_component id="oc-b3">
         <name>.text:SysCtl_getLowSpeedClock</name>
         <load_address>0x1056e</load_address>
         <run_address>0x1056e</run_address>
         <size>0x1a</size>
         <input_file_ref idref="fl-12"/>
      </object_component>
      <object_component id="oc-1b5">
         <name>.text:SysCtl_selectXTALSingleEnded</name>
         <load_address>0x10588</load_address>
         <run_address>0x10588</run_address>
         <size>0x1a</size>
         <input_file_ref idref="fl-12"/>
      </object_component>
      <object_component id="oc-1da">
         <name>.text:DCC_disableDoneSignal</name>
         <load_address>0x105a2</load_address>
         <run_address>0x105a2</run_address>
         <size>0x17</size>
         <input_file_ref idref="fl-12"/>
      </object_component>
      <object_component id="oc-1fe">
         <name>.text:DCC_enableDoneSignal</name>
         <load_address>0x105b9</load_address>
         <run_address>0x105b9</run_address>
         <size>0x17</size>
         <input_file_ref idref="fl-12"/>
      </object_component>
      <object_component id="oc-1bc">
         <name>.text:SysCtl_enablePeripheral</name>
         <load_address>0x105d0</load_address>
         <run_address>0x105d0</run_address>
         <size>0x17</size>
         <input_file_ref idref="fl-12"/>
      </object_component>
      <object_component id="oc-9d">
         <name>.text</name>
         <load_address>0x105e7</load_address>
         <run_address>0x105e7</run_address>
         <size>0x17</size>
         <input_file_ref idref="fl-1f"/>
      </object_component>
      <object_component id="oc-1c8">
         <name>.text:DCC_clearDoneFlag</name>
         <load_address>0x105fe</load_address>
         <run_address>0x105fe</run_address>
         <size>0x16</size>
         <input_file_ref idref="fl-12"/>
      </object_component>
      <object_component id="oc-1c2">
         <name>.text:DCC_clearErrorFlag</name>
         <load_address>0x10614</load_address>
         <run_address>0x10614</run_address>
         <size>0x16</size>
         <input_file_ref idref="fl-12"/>
      </object_component>
      <object_component id="oc-1d4">
         <name>.text:DCC_disableErrorSignal</name>
         <load_address>0x1062a</load_address>
         <run_address>0x1062a</run_address>
         <size>0x16</size>
         <input_file_ref idref="fl-12"/>
      </object_component>
      <object_component id="oc-1f8">
         <name>.text:DCC_enableErrorSignal</name>
         <load_address>0x10640</load_address>
         <run_address>0x10640</run_address>
         <size>0x16</size>
         <input_file_ref idref="fl-12"/>
      </object_component>
      <object_component id="oc-10a">
         <name>.text:SPI_isBaseValid</name>
         <load_address>0x10656</load_address>
         <run_address>0x10656</run_address>
         <size>0x15</size>
         <input_file_ref idref="fl-11"/>
      </object_component>
      <object_component id="oc-1ce">
         <name>.text:DCC_disableModule</name>
         <load_address>0x1066b</load_address>
         <run_address>0x1066b</run_address>
         <size>0x14</size>
         <input_file_ref idref="fl-12"/>
      </object_component>
      <object_component id="oc-204">
         <name>.text:DCC_enableModule</name>
         <load_address>0x1067f</load_address>
         <run_address>0x1067f</run_address>
         <size>0x14</size>
         <input_file_ref idref="fl-12"/>
      </object_component>
      <object_component id="oc-149">
         <name>.text:GPIO_isPinValid</name>
         <load_address>0x10693</load_address>
         <run_address>0x10693</run_address>
         <size>0x14</size>
         <input_file_ref idref="fl-f"/>
      </object_component>
      <object_component id="oc-24a">
         <name>.text:DCC_isBaseValid</name>
         <load_address>0x106a7</load_address>
         <run_address>0x106a7</run_address>
         <size>0x10</size>
         <input_file_ref idref="fl-12"/>
      </object_component>
      <object_component id="oc-d5">
         <name>.text:Interrupt_defaultHandler</name>
         <load_address>0x106b7</load_address>
         <run_address>0x106b7</run_address>
         <size>0xe</size>
         <input_file_ref idref="fl-10"/>
      </object_component>
      <object_component id="oc-cd">
         <name>.text:Interrupt_disableMaster</name>
         <load_address>0x106c5</load_address>
         <run_address>0x106c5</run_address>
         <size>0xd</size>
         <input_file_ref idref="fl-10"/>
      </object_component>
      <object_component id="oc-fa">
         <name>.text:Interrupt_enableMaster</name>
         <load_address>0x106d2</load_address>
         <run_address>0x106d2</run_address>
         <size>0xd</size>
         <input_file_ref idref="fl-10"/>
      </object_component>
      <object_component id="oc-125">
         <name>.text</name>
         <load_address>0x106df</load_address>
         <run_address>0x106df</run_address>
         <size>0xc</size>
         <input_file_ref idref="fl-29"/>
      </object_component>
      <object_component id="oc-133">
         <name>.text:SysCtl_isMCDClockFailureDetected</name>
         <load_address>0x106eb</load_address>
         <run_address>0x106eb</run_address>
         <size>0xb</size>
         <input_file_ref idref="fl-12"/>
      </object_component>
      <object_component id="oc-22f">
         <name>.text</name>
         <load_address>0x106f6</load_address>
         <run_address>0x106f6</run_address>
         <size>0x9</size>
         <input_file_ref idref="fl-28"/>
      </object_component>
      <object_component id="oc-17">
         <name>.text:decompress:none</name>
         <load_address>0x106ff</load_address>
         <run_address>0x106ff</run_address>
         <size>0x8</size>
         <input_file_ref idref="fl-25"/>
      </object_component>
      <object_component id="oc-46">
         <name>.text</name>
         <load_address>0x10707</load_address>
         <run_address>0x10707</run_address>
         <size>0x8</size>
         <input_file_ref idref="fl-4"/>
      </object_component>
      <object_component id="oc-241">
         <name>.text:SysCtl_resetMCD</name>
         <load_address>0x1070f</load_address>
         <run_address>0x1070f</run_address>
         <size>0x7</size>
         <input_file_ref idref="fl-12"/>
      </object_component>
      <object_component id="oc-96">
         <name>.text</name>
         <load_address>0x10716</load_address>
         <run_address>0x10716</run_address>
         <size>0x7</size>
         <input_file_ref idref="fl-2a"/>
      </object_component>
      <object_component id="oc-40">
         <name>.text:decompress:ZI</name>
         <load_address>0x1071d</load_address>
         <run_address>0x1071d</run_address>
         <size>0x6</size>
         <input_file_ref idref="fl-24"/>
      </object_component>
      <object_component id="oc-e1">
         <name>.text:Interrupt_illegalOperationHandler</name>
         <load_address>0x10723</load_address>
         <run_address>0x10723</run_address>
         <size>0x2</size>
         <input_file_ref idref="fl-10"/>
      </object_component>
      <object_component id="oc-db">
         <name>.text:Interrupt_nmiHandler</name>
         <load_address>0x10725</load_address>
         <run_address>0x10725</run_address>
         <size>0x2</size>
         <input_file_ref idref="fl-10"/>
      </object_component>
      <object_component id="oc-11e">
         <name>.text</name>
         <load_address>0x10727</load_address>
         <run_address>0x10727</run_address>
         <size>0x2</size>
         <input_file_ref idref="fl-22"/>
      </object_component>
      <object_component id="oc-215">
         <name>.text</name>
         <load_address>0x10729</load_address>
         <run_address>0x10729</run_address>
         <size>0x1</size>
         <input_file_ref idref="fl-2d"/>
      </object_component>
      <object_component id="oc-29c">
         <name>.cinit..data.load</name>
         <load_address>0xf8</load_address>
         <run_address>0xf8</run_address>
         <size>0x9</size>
      </object_component>
      <object_component id="oc-299">
         <name>__TI_handler_table</name>
         <load_address>0x102</load_address>
         <run_address>0x102</run_address>
         <size>0x6</size>
      </object_component>
      <object_component id="oc-29b">
         <name>.cinit..bss.load</name>
         <load_address>0x108</load_address>
         <run_address>0x108</run_address>
         <size>0x4</size>
      </object_component>
      <object_component id="oc-29a">
         <name>__TI_cinit_table</name>
         <load_address>0x10c</load_address>
         <run_address>0x10c</run_address>
         <size>0x8</size>
      </object_component>
      <object_component id="oc-2f">
         <name>.stack</name>
         <uninitialized>true</uninitialized>
         <run_address>0x400</run_address>
         <size>0x0</size>
         <input_file_ref idref="fl-1f"/>
      </object_component>
      <object_component id="oc-29d">
         <name>.stack</name>
         <uninitialized>true</uninitialized>
         <run_address>0x400</run_address>
         <size>0x0</size>
      </object_component>
      <object_component id="oc-4c">
         <name>.bss</name>
         <uninitialized>true</uninitialized>
         <run_address>0xf000</run_address>
         <size>0x26</size>
         <input_file_ref idref="fl-2"/>
      </object_component>
      <object_component id="oc-73">
         <name>.bss:positionArray</name>
         <uninitialized>true</uninitialized>
         <run_address>0xc000</run_address>
         <size>0x3000</size>
         <input_file_ref idref="fl-2"/>
      </object_component>
      <object_component id="oc-54">
         <name>.const:.string</name>
         <load_address>0xa800</load_address>
         <run_address>0xa800</run_address>
         <size>0x10f</size>
         <input_file_ref idref="fl-2"/>
      </object_component>
      <object_component id="oc-14f">
         <name>.const:.string</name>
         <load_address>0xa910</load_address>
         <run_address>0xa910</run_address>
         <size>0xef</size>
         <input_file_ref idref="fl-f"/>
      </object_component>
      <object_component id="oc-132">
         <name>.const:.string</name>
         <load_address>0xaa00</load_address>
         <run_address>0xaa00</run_address>
         <size>0xef</size>
         <input_file_ref idref="fl-12"/>
      </object_component>
      <object_component id="oc-107">
         <name>.const:.string</name>
         <load_address>0xaaf0</load_address>
         <run_address>0xaaf0</run_address>
         <size>0x76</size>
         <input_file_ref idref="fl-e"/>
      </object_component>
      <object_component id="oc-110">
         <name>.const:.string</name>
         <load_address>0xab66</load_address>
         <run_address>0xab66</run_address>
         <size>0x76</size>
         <input_file_ref idref="fl-11"/>
      </object_component>
      <object_component id="oc-b2">
         <name>.const:.string</name>
         <load_address>0xabdc</load_address>
         <run_address>0xabdc</run_address>
         <size>0x13</size>
         <input_file_ref idref="fl-3"/>
      </object_component>
      <object_component id="oc-1a6">
         <name>.data</name>
         <load_address>0xabf0</load_address>
         <run_address>0xabf0</run_address>
         <size>0x6</size>
         <input_file_ref idref="fl-27"/>
      </object_component>
      <object_component id="oc-1a9">
         <name>.data:_lock</name>
         <load_address>0xabf6</load_address>
         <run_address>0xabf6</run_address>
         <size>0x2</size>
         <input_file_ref idref="fl-28"/>
      </object_component>
      <object_component id="oc-263">
         <name>.data:_unlock</name>
         <load_address>0xabf8</load_address>
         <run_address>0xabf8</run_address>
         <size>0x2</size>
         <input_file_ref idref="fl-28"/>
      </object_component>
      <object_component id="oc-8a">
         <name>.debug_types</name>
         <load_address>0x0</load_address>
         <run_address>0x0</run_address>
         <size>0x2c93</size>
         <input_file_ref idref="fl-2"/>
      </object_component>
      <object_component id="oc-cc">
         <name>.debug_types</name>
         <load_address>0x2c93</load_address>
         <run_address>0x2c93</run_address>
         <size>0x38a</size>
         <input_file_ref idref="fl-3"/>
      </object_component>
      <object_component id="oc-f5">
         <name>.debug_types</name>
         <load_address>0x301d</load_address>
         <run_address>0x301d</run_address>
         <size>0xc6</size>
         <input_file_ref idref="fl-5"/>
      </object_component>
      <object_component id="oc-109">
         <name>.debug_types</name>
         <load_address>0x30e3</load_address>
         <run_address>0x30e3</run_address>
         <size>0xe5</size>
         <input_file_ref idref="fl-e"/>
      </object_component>
      <object_component id="oc-151">
         <name>.debug_types</name>
         <load_address>0x31c8</load_address>
         <run_address>0x31c8</run_address>
         <size>0x352</size>
         <input_file_ref idref="fl-f"/>
      </object_component>
      <object_component id="oc-d4">
         <name>.debug_types</name>
         <load_address>0x0</load_address>
         <run_address>0x0</run_address>
         <size>0x0</size>
         <input_file_ref idref="fl-10"/>
      </object_component>
      <object_component id="oc-112">
         <name>.debug_types</name>
         <load_address>0x0</load_address>
         <run_address>0x0</run_address>
         <size>0x0</size>
         <input_file_ref idref="fl-11"/>
      </object_component>
      <object_component id="oc-146">
         <name>.debug_types</name>
         <load_address>0x351a</load_address>
         <run_address>0x351a</run_address>
         <size>0x34b</size>
         <input_file_ref idref="fl-12"/>
      </object_component>
      <object_component id="oc-f7">
         <name>.debug_types</name>
         <load_address>0x3865</load_address>
         <run_address>0x3865</run_address>
         <size>0x8d</size>
         <input_file_ref idref="fl-1e"/>
      </object_component>
      <object_component id="oc-173">
         <name>.debug_types</name>
         <load_address>0x0</load_address>
         <run_address>0x0</run_address>
         <size>0x0</size>
         <input_file_ref idref="fl-22"/>
      </object_component>
      <object_component id="oc-21c">
         <name>.debug_types</name>
         <load_address>0x38f2</load_address>
         <run_address>0x38f2</run_address>
         <size>0x4ca</size>
         <input_file_ref idref="fl-23"/>
      </object_component>
      <object_component id="oc-95">
         <name>.debug_types</name>
         <load_address>0x3dbc</load_address>
         <run_address>0x3dbc</run_address>
         <size>0x1f3</size>
         <input_file_ref idref="fl-24"/>
      </object_component>
      <object_component id="oc-39">
         <name>.debug_types</name>
         <load_address>0x0</load_address>
         <run_address>0x0</run_address>
         <size>0x0</size>
         <input_file_ref idref="fl-25"/>
      </object_component>
      <object_component id="oc-31">
         <name>.debug_types</name>
         <load_address>0x3faf</load_address>
         <run_address>0x3faf</run_address>
         <size>0x191</size>
         <input_file_ref idref="fl-26"/>
      </object_component>
      <object_component id="oc-1ad">
         <name>.debug_types</name>
         <load_address>0x4140</load_address>
         <run_address>0x4140</run_address>
         <size>0xbf</size>
         <input_file_ref idref="fl-27"/>
      </object_component>
      <object_component id="oc-237">
         <name>.debug_types</name>
         <load_address>0x41ff</load_address>
         <run_address>0x41ff</run_address>
         <size>0x2f</size>
         <input_file_ref idref="fl-28"/>
      </object_component>
      <object_component id="oc-1a5">
         <name>.debug_types</name>
         <load_address>0x422e</load_address>
         <run_address>0x422e</run_address>
         <size>0xe1</size>
         <input_file_ref idref="fl-29"/>
      </object_component>
      <object_component id="oc-11d">
         <name>.debug_types</name>
         <load_address>0x430f</load_address>
         <run_address>0x430f</run_address>
         <size>0x2f</size>
         <input_file_ref idref="fl-2a"/>
      </object_component>
      <object_component id="oc-90">
         <name>.debug_types</name>
         <load_address>0x433e</load_address>
         <run_address>0x433e</run_address>
         <size>0x89</size>
         <input_file_ref idref="fl-2c"/>
      </object_component>
      <object_component id="oc-25d">
         <name>.debug_types</name>
         <load_address>0x0</load_address>
         <run_address>0x0</run_address>
         <size>0x0</size>
         <input_file_ref idref="fl-2d"/>
      </object_component>
      <object_component id="oc-4d">
         <name>.debug_info</name>
         <load_address>0x0</load_address>
         <run_address>0x0</run_address>
         <size>0x2e3</size>
         <input_file_ref idref="fl-2"/>
      </object_component>
      <object_component id="oc-74">
         <name>.debug_info</name>
         <load_address>0x2e3</load_address>
         <run_address>0x2e3</run_address>
         <size>0xf1</size>
         <input_file_ref idref="fl-2"/>
      </object_component>
      <object_component id="oc-25">
         <name>.debug_info</name>
         <load_address>0x3d4</load_address>
         <run_address>0x3d4</run_address>
         <size>0x4616</size>
         <input_file_ref idref="fl-2"/>
      </object_component>
      <object_component id="oc-2a">
         <name>.debug_info</name>
         <load_address>0x49ea</load_address>
         <run_address>0x49ea</run_address>
         <size>0x28c</size>
         <input_file_ref idref="fl-2"/>
      </object_component>
      <object_component id="oc-59">
         <name>.debug_info</name>
         <load_address>0x4c76</load_address>
         <run_address>0x4c76</run_address>
         <size>0xf09</size>
         <input_file_ref idref="fl-3"/>
      </object_component>
      <object_component id="oc-20">
         <name>.debug_info</name>
         <load_address>0x5b7f</load_address>
         <run_address>0x5b7f</run_address>
         <size>0x105</size>
         <input_file_ref idref="fl-4"/>
      </object_component>
      <object_component id="oc-47">
         <name>.debug_info</name>
         <load_address>0x5c84</load_address>
         <run_address>0x5c84</run_address>
         <size>0x106</size>
         <input_file_ref idref="fl-4"/>
      </object_component>
      <object_component id="oc-6b">
         <name>.debug_info</name>
         <load_address>0x5d8a</load_address>
         <run_address>0x5d8a</run_address>
         <size>0x3ab</size>
         <input_file_ref idref="fl-5"/>
      </object_component>
      <object_component id="oc-102">
         <name>.debug_info</name>
         <load_address>0x6135</load_address>
         <run_address>0x6135</run_address>
         <size>0x252</size>
         <input_file_ref idref="fl-e"/>
      </object_component>
      <object_component id="oc-81">
         <name>.debug_info</name>
         <load_address>0x6387</load_address>
         <run_address>0x6387</run_address>
         <size>0x301</size>
         <input_file_ref idref="fl-e"/>
      </object_component>
      <object_component id="oc-14a">
         <name>.debug_info</name>
         <load_address>0x6688</load_address>
         <run_address>0x6688</run_address>
         <size>0x250</size>
         <input_file_ref idref="fl-f"/>
      </object_component>
      <object_component id="oc-c0">
         <name>.debug_info</name>
         <load_address>0x68d8</load_address>
         <run_address>0x68d8</run_address>
         <size>0x2c8</size>
         <input_file_ref idref="fl-f"/>
      </object_component>
      <object_component id="oc-ba">
         <name>.debug_info</name>
         <load_address>0x6ba0</load_address>
         <run_address>0x6ba0</run_address>
         <size>0x2b1</size>
         <input_file_ref idref="fl-f"/>
      </object_component>
      <object_component id="oc-ef">
         <name>.debug_info</name>
         <load_address>0x6e51</load_address>
         <run_address>0x6e51</run_address>
         <size>0x2f9</size>
         <input_file_ref idref="fl-f"/>
      </object_component>
      <object_component id="oc-c7">
         <name>.debug_info</name>
         <load_address>0x714a</load_address>
         <run_address>0x714a</run_address>
         <size>0x2ad</size>
         <input_file_ref idref="fl-f"/>
      </object_component>
      <object_component id="oc-e9">
         <name>.debug_info</name>
         <load_address>0x73f7</load_address>
         <run_address>0x73f7</run_address>
         <size>0x29a</size>
         <input_file_ref idref="fl-f"/>
      </object_component>
      <object_component id="oc-fd">
         <name>.debug_info</name>
         <load_address>0x7691</load_address>
         <run_address>0x7691</run_address>
         <size>0x249</size>
         <input_file_ref idref="fl-10"/>
      </object_component>
      <object_component id="oc-ce">
         <name>.debug_info</name>
         <load_address>0x78da</load_address>
         <run_address>0x78da</run_address>
         <size>0x24d</size>
         <input_file_ref idref="fl-10"/>
      </object_component>
      <object_component id="oc-d7">
         <name>.debug_info</name>
         <load_address>0x7b27</load_address>
         <run_address>0x7b27</run_address>
         <size>0x267</size>
         <input_file_ref idref="fl-10"/>
      </object_component>
      <object_component id="oc-e2">
         <name>.debug_info</name>
         <load_address>0x7d8e</load_address>
         <run_address>0x7d8e</run_address>
         <size>0x24d</size>
         <input_file_ref idref="fl-10"/>
      </object_component>
      <object_component id="oc-dc">
         <name>.debug_info</name>
         <load_address>0x7fdb</load_address>
         <run_address>0x7fdb</run_address>
         <size>0x233</size>
         <input_file_ref idref="fl-10"/>
      </object_component>
      <object_component id="oc-5c">
         <name>.debug_info</name>
         <load_address>0x820e</load_address>
         <run_address>0x820e</run_address>
         <size>0x25a</size>
         <input_file_ref idref="fl-10"/>
      </object_component>
      <object_component id="oc-63">
         <name>.debug_info</name>
         <load_address>0x8468</load_address>
         <run_address>0x8468</run_address>
         <size>0x255</size>
         <input_file_ref idref="fl-10"/>
      </object_component>
      <object_component id="oc-78">
         <name>.debug_info</name>
         <load_address>0x86bd</load_address>
         <run_address>0x86bd</run_address>
         <size>0x2fd</size>
         <input_file_ref idref="fl-10"/>
      </object_component>
      <object_component id="oc-10c">
         <name>.debug_info</name>
         <load_address>0x89ba</load_address>
         <run_address>0x89ba</run_address>
         <size>0x250</size>
         <input_file_ref idref="fl-11"/>
      </object_component>
      <object_component id="oc-86">
         <name>.debug_info</name>
         <load_address>0x8c0a</load_address>
         <run_address>0x8c0a</run_address>
         <size>0x353</size>
         <input_file_ref idref="fl-11"/>
      </object_component>
      <object_component id="oc-1bd">
         <name>.debug_info</name>
         <load_address>0x8f5d</load_address>
         <run_address>0x8f5d</run_address>
         <size>0x296</size>
         <input_file_ref idref="fl-12"/>
      </object_component>
      <object_component id="oc-134">
         <name>.debug_info</name>
         <load_address>0x91f3</load_address>
         <run_address>0x91f3</run_address>
         <size>0x259</size>
         <input_file_ref idref="fl-12"/>
      </object_component>
      <object_component id="oc-242">
         <name>.debug_info</name>
         <load_address>0x944c</load_address>
         <run_address>0x944c</run_address>
         <size>0x22f</size>
         <input_file_ref idref="fl-12"/>
      </object_component>
      <object_component id="oc-24b">
         <name>.debug_info</name>
         <load_address>0x967b</load_address>
         <run_address>0x967b</run_address>
         <size>0x253</size>
         <input_file_ref idref="fl-12"/>
      </object_component>
      <object_component id="oc-205">
         <name>.debug_info</name>
         <load_address>0x98ce</load_address>
         <run_address>0x98ce</run_address>
         <size>0x271</size>
         <input_file_ref idref="fl-12"/>
      </object_component>
      <object_component id="oc-1cf">
         <name>.debug_info</name>
         <load_address>0x9b3f</load_address>
         <run_address>0x9b3f</run_address>
         <size>0x273</size>
         <input_file_ref idref="fl-12"/>
      </object_component>
      <object_component id="oc-1f9">
         <name>.debug_info</name>
         <load_address>0x9db2</load_address>
         <run_address>0x9db2</run_address>
         <size>0x27d</size>
         <input_file_ref idref="fl-12"/>
      </object_component>
      <object_component id="oc-1ff">
         <name>.debug_info</name>
         <load_address>0xa02f</load_address>
         <run_address>0xa02f</run_address>
         <size>0x27b</size>
         <input_file_ref idref="fl-12"/>
      </object_component>
      <object_component id="oc-1d5">
         <name>.debug_info</name>
         <load_address>0xa2aa</load_address>
         <run_address>0xa2aa</run_address>
         <size>0x27f</size>
         <input_file_ref idref="fl-12"/>
      </object_component>
      <object_component id="oc-1db">
         <name>.debug_info</name>
         <load_address>0xa529</load_address>
         <run_address>0xa529</run_address>
         <size>0x27d</size>
         <input_file_ref idref="fl-12"/>
      </object_component>
      <object_component id="oc-1f3">
         <name>.debug_info</name>
         <load_address>0xa7a6</load_address>
         <run_address>0xa7a6</run_address>
         <size>0x2a4</size>
         <input_file_ref idref="fl-12"/>
      </object_component>
      <object_component id="oc-1c3">
         <name>.debug_info</name>
         <load_address>0xaa4a</load_address>
         <run_address>0xaa4a</run_address>
         <size>0x277</size>
         <input_file_ref idref="fl-12"/>
      </object_component>
      <object_component id="oc-1c9">
         <name>.debug_info</name>
         <load_address>0xacc1</load_address>
         <run_address>0xacc1</run_address>
         <size>0x275</size>
         <input_file_ref idref="fl-12"/>
      </object_component>
      <object_component id="oc-1e7">
         <name>.debug_info</name>
         <load_address>0xaf36</load_address>
         <run_address>0xaf36</run_address>
         <size>0x2a8</size>
         <input_file_ref idref="fl-12"/>
      </object_component>
      <object_component id="oc-1e1">
         <name>.debug_info</name>
         <load_address>0xb1de</load_address>
         <run_address>0xb1de</run_address>
         <size>0x2a8</size>
         <input_file_ref idref="fl-12"/>
      </object_component>
      <object_component id="oc-1ed">
         <name>.debug_info</name>
         <load_address>0xb486</load_address>
         <run_address>0xb486</run_address>
         <size>0x317</size>
         <input_file_ref idref="fl-12"/>
      </object_component>
      <object_component id="oc-23c">
         <name>.debug_info</name>
         <load_address>0xb79d</load_address>
         <run_address>0xb79d</run_address>
         <size>0x25f</size>
         <input_file_ref idref="fl-12"/>
      </object_component>
      <object_component id="oc-ad">
         <name>.debug_info</name>
         <load_address>0xb9fc</load_address>
         <run_address>0xb9fc</run_address>
         <size>0x2c2</size>
         <input_file_ref idref="fl-12"/>
      </object_component>
      <object_component id="oc-aa">
         <name>.debug_info</name>
         <load_address>0xbcbe</load_address>
         <run_address>0xbcbe</run_address>
         <size>0x39c</size>
         <input_file_ref idref="fl-12"/>
      </object_component>
      <object_component id="oc-1b3">
         <name>.debug_info</name>
         <load_address>0xc05a</load_address>
         <run_address>0xc05a</run_address>
         <size>0x2a2</size>
         <input_file_ref idref="fl-12"/>
      </object_component>
      <object_component id="oc-1b8">
         <name>.debug_info</name>
         <load_address>0xc2fc</load_address>
         <run_address>0xc2fc</run_address>
         <size>0x289</size>
         <input_file_ref idref="fl-12"/>
      </object_component>
      <object_component id="oc-13b">
         <name>.debug_info</name>
         <load_address>0xc585</load_address>
         <run_address>0xc585</run_address>
         <size>0x2b0</size>
         <input_file_ref idref="fl-12"/>
      </object_component>
      <object_component id="oc-b6">
         <name>.debug_info</name>
         <load_address>0xc835</load_address>
         <run_address>0xc835</run_address>
         <size>0x29c</size>
         <input_file_ref idref="fl-12"/>
      </object_component>
      <object_component id="oc-141">
         <name>.debug_info</name>
         <load_address>0xcad1</load_address>
         <run_address>0xcad1</run_address>
         <size>0x49b</size>
         <input_file_ref idref="fl-12"/>
      </object_component>
      <object_component id="oc-70">
         <name>.debug_info</name>
         <load_address>0xcf6c</load_address>
         <run_address>0xcf6c</run_address>
         <size>0x17f</size>
         <input_file_ref idref="fl-1e"/>
      </object_component>
      <object_component id="oc-9f">
         <name>.debug_info</name>
         <load_address>0xd0eb</load_address>
         <run_address>0xd0eb</run_address>
         <size>0x158</size>
         <input_file_ref idref="fl-1f"/>
      </object_component>
      <object_component id="oc-50">
         <name>.debug_info</name>
         <load_address>0xd243</load_address>
         <run_address>0xd243</run_address>
         <size>0x127</size>
         <input_file_ref idref="fl-20"/>
      </object_component>
      <object_component id="oc-120">
         <name>.debug_info</name>
         <load_address>0xd36a</load_address>
         <run_address>0xd36a</run_address>
         <size>0x14d</size>
         <input_file_ref idref="fl-22"/>
      </object_component>
      <object_component id="oc-177">
         <name>.debug_info</name>
         <load_address>0xd4b7</load_address>
         <run_address>0xd4b7</run_address>
         <size>0x1bf</size>
         <input_file_ref idref="fl-23"/>
      </object_component>
      <object_component id="oc-44">
         <name>.debug_info</name>
         <load_address>0xd676</load_address>
         <run_address>0xd676</run_address>
         <size>0x19f</size>
         <input_file_ref idref="fl-24"/>
      </object_component>
      <object_component id="oc-1b">
         <name>.debug_info</name>
         <load_address>0xd815</load_address>
         <run_address>0xd815</run_address>
         <size>0x1b7</size>
         <input_file_ref idref="fl-25"/>
      </object_component>
      <object_component id="oc-12">
         <name>.debug_info</name>
         <load_address>0xd9cc</load_address>
         <run_address>0xd9cc</run_address>
         <size>0x20c</size>
         <input_file_ref idref="fl-26"/>
      </object_component>
      <object_component id="oc-1a7">
         <name>.debug_info</name>
         <load_address>0xdbd8</load_address>
         <run_address>0xdbd8</run_address>
         <size>0x19e</size>
         <input_file_ref idref="fl-27"/>
      </object_component>
      <object_component id="oc-12c">
         <name>.debug_info</name>
         <load_address>0xdd76</load_address>
         <run_address>0xdd76</run_address>
         <size>0x1a9</size>
         <input_file_ref idref="fl-27"/>
      </object_component>
      <object_component id="oc-1aa">
         <name>.debug_info</name>
         <load_address>0xdf1f</load_address>
         <run_address>0xdf1f</run_address>
         <size>0x107</size>
         <input_file_ref idref="fl-28"/>
      </object_component>
      <object_component id="oc-264">
         <name>.debug_info</name>
         <load_address>0xe026</load_address>
         <run_address>0xe026</run_address>
         <size>0x10b</size>
         <input_file_ref idref="fl-28"/>
      </object_component>
      <object_component id="oc-233">
         <name>.debug_info</name>
         <load_address>0xe131</load_address>
         <run_address>0xe131</run_address>
         <size>0x203</size>
         <input_file_ref idref="fl-28"/>
      </object_component>
      <object_component id="oc-129">
         <name>.debug_info</name>
         <load_address>0xe334</load_address>
         <run_address>0xe334</run_address>
         <size>0x15d</size>
         <input_file_ref idref="fl-29"/>
      </object_component>
      <object_component id="oc-97">
         <name>.debug_info</name>
         <load_address>0xe491</load_address>
         <run_address>0xe491</run_address>
         <size>0x208</size>
         <input_file_ref idref="fl-2a"/>
      </object_component>
      <object_component id="oc-33">
         <name>.debug_info</name>
         <load_address>0xe699</load_address>
         <run_address>0xe699</run_address>
         <size>0x19b</size>
         <input_file_ref idref="fl-2c"/>
      </object_component>
      <object_component id="oc-219">
         <name>.debug_info</name>
         <load_address>0xe834</load_address>
         <run_address>0xe834</run_address>
         <size>0x147</size>
         <input_file_ref idref="fl-2d"/>
      </object_component>
      <object_component id="oc-29e">
         <name>.debug_info</name>
         <load_address>0xe97b</load_address>
         <run_address>0xe97b</run_address>
         <size>0xa5</size>
      </object_component>
      <object_component id="oc-a4">
         <name>.debug_line</name>
         <load_address>0x0</load_address>
         <run_address>0x0</run_address>
         <size>0x3c</size>
         <input_file_ref idref="fl-2"/>
      </object_component>
      <object_component id="oc-f9">
         <name>.debug_line</name>
         <load_address>0x3c</load_address>
         <run_address>0x3c</run_address>
         <size>0x3c</size>
         <input_file_ref idref="fl-2"/>
      </object_component>
      <object_component id="oc-28">
         <name>.debug_line</name>
         <load_address>0x78</load_address>
         <run_address>0x78</run_address>
         <size>0xd20</size>
         <input_file_ref idref="fl-2"/>
      </object_component>
      <object_component id="oc-2e">
         <name>.debug_line</name>
         <load_address>0xd98</load_address>
         <run_address>0xd98</run_address>
         <size>0x92</size>
         <input_file_ref idref="fl-2"/>
      </object_component>
      <object_component id="oc-114">
         <name>.debug_line</name>
         <load_address>0xe2a</load_address>
         <run_address>0xe2a</run_address>
         <size>0x1be</size>
         <input_file_ref idref="fl-2"/>
      </object_component>
      <object_component id="oc-58">
         <name>.debug_line</name>
         <load_address>0xfe8</load_address>
         <run_address>0xfe8</run_address>
         <size>0x283</size>
         <input_file_ref idref="fl-3"/>
      </object_component>
      <object_component id="oc-155">
         <name>.debug_line</name>
         <load_address>0x126b</load_address>
         <run_address>0x126b</run_address>
         <size>0x6a</size>
         <input_file_ref idref="fl-3"/>
      </object_component>
      <object_component id="oc-1f">
         <name>.debug_line</name>
         <load_address>0x12d5</load_address>
         <run_address>0x12d5</run_address>
         <size>0x55</size>
         <input_file_ref idref="fl-4"/>
      </object_component>
      <object_component id="oc-4a">
         <name>.debug_line</name>
         <load_address>0x132a</load_address>
         <run_address>0x132a</run_address>
         <size>0x5d</size>
         <input_file_ref idref="fl-4"/>
      </object_component>
      <object_component id="oc-6a">
         <name>.debug_line</name>
         <load_address>0x1387</load_address>
         <run_address>0x1387</run_address>
         <size>0x7b</size>
         <input_file_ref idref="fl-5"/>
      </object_component>
      <object_component id="oc-161">
         <name>.debug_line</name>
         <load_address>0x1402</load_address>
         <run_address>0x1402</run_address>
         <size>0x68</size>
         <input_file_ref idref="fl-5"/>
      </object_component>
      <object_component id="oc-106">
         <name>.debug_line</name>
         <load_address>0x146a</load_address>
         <run_address>0x146a</run_address>
         <size>0xb0</size>
         <input_file_ref idref="fl-e"/>
      </object_component>
      <object_component id="oc-7f">
         <name>.debug_line</name>
         <load_address>0x151a</load_address>
         <run_address>0x151a</run_address>
         <size>0xda</size>
         <input_file_ref idref="fl-e"/>
      </object_component>
      <object_component id="oc-169">
         <name>.debug_line</name>
         <load_address>0x15f4</load_address>
         <run_address>0x15f4</run_address>
         <size>0x115</size>
         <input_file_ref idref="fl-e"/>
      </object_component>
      <object_component id="oc-14d">
         <name>.debug_line</name>
         <load_address>0x1709</load_address>
         <run_address>0x1709</run_address>
         <size>0xb1</size>
         <input_file_ref idref="fl-f"/>
      </object_component>
      <object_component id="oc-c3">
         <name>.debug_line</name>
         <load_address>0x17ba</load_address>
         <run_address>0x17ba</run_address>
         <size>0xbb</size>
         <input_file_ref idref="fl-f"/>
      </object_component>
      <object_component id="oc-bd">
         <name>.debug_line</name>
         <load_address>0x1875</load_address>
         <run_address>0x1875</run_address>
         <size>0xca</size>
         <input_file_ref idref="fl-f"/>
      </object_component>
      <object_component id="oc-f2">
         <name>.debug_line</name>
         <load_address>0x193f</load_address>
         <run_address>0x193f</run_address>
         <size>0xb8</size>
         <input_file_ref idref="fl-f"/>
      </object_component>
      <object_component id="oc-c6">
         <name>.debug_line</name>
         <load_address>0x19f7</load_address>
         <run_address>0x19f7</run_address>
         <size>0xbc</size>
         <input_file_ref idref="fl-f"/>
      </object_component>
      <object_component id="oc-ed">
         <name>.debug_line</name>
         <load_address>0x1ab3</load_address>
         <run_address>0x1ab3</run_address>
         <size>0xb8</size>
         <input_file_ref idref="fl-f"/>
      </object_component>
      <object_component id="oc-210">
         <name>.debug_line</name>
         <load_address>0x1b6b</load_address>
         <run_address>0x1b6b</run_address>
         <size>0x116</size>
         <input_file_ref idref="fl-f"/>
      </object_component>
      <object_component id="oc-fb">
         <name>.debug_line</name>
         <load_address>0x1c81</load_address>
         <run_address>0x1c81</run_address>
         <size>0xb6</size>
         <input_file_ref idref="fl-10"/>
      </object_component>
      <object_component id="oc-d1">
         <name>.debug_line</name>
         <load_address>0x1d37</load_address>
         <run_address>0x1d37</run_address>
         <size>0xb6</size>
         <input_file_ref idref="fl-10"/>
      </object_component>
      <object_component id="oc-da">
         <name>.debug_line</name>
         <load_address>0x1ded</load_address>
         <run_address>0x1ded</run_address>
         <size>0xbc</size>
         <input_file_ref idref="fl-10"/>
      </object_component>
      <object_component id="oc-e5">
         <name>.debug_line</name>
         <load_address>0x1ea9</load_address>
         <run_address>0x1ea9</run_address>
         <size>0xb4</size>
         <input_file_ref idref="fl-10"/>
      </object_component>
      <object_component id="oc-df">
         <name>.debug_line</name>
         <load_address>0x1f5d</load_address>
         <run_address>0x1f5d</run_address>
         <size>0xb4</size>
         <input_file_ref idref="fl-10"/>
      </object_component>
      <object_component id="oc-60">
         <name>.debug_line</name>
         <load_address>0x2011</load_address>
         <run_address>0x2011</run_address>
         <size>0xd1</size>
         <input_file_ref idref="fl-10"/>
      </object_component>
      <object_component id="oc-62">
         <name>.debug_line</name>
         <load_address>0x20e2</load_address>
         <run_address>0x20e2</run_address>
         <size>0xca</size>
         <input_file_ref idref="fl-10"/>
      </object_component>
      <object_component id="oc-77">
         <name>.debug_line</name>
         <load_address>0x21ac</load_address>
         <run_address>0x21ac</run_address>
         <size>0xca</size>
         <input_file_ref idref="fl-10"/>
      </object_component>
      <object_component id="oc-159">
         <name>.debug_line</name>
         <load_address>0x2276</load_address>
         <run_address>0x2276</run_address>
         <size>0x21</size>
         <input_file_ref idref="fl-10"/>
      </object_component>
      <object_component id="oc-10f">
         <name>.debug_line</name>
         <load_address>0x2297</load_address>
         <run_address>0x2297</run_address>
         <size>0xb0</size>
         <input_file_ref idref="fl-11"/>
      </object_component>
      <object_component id="oc-84">
         <name>.debug_line</name>
         <load_address>0x2347</load_address>
         <run_address>0x2347</run_address>
         <size>0xb9</size>
         <input_file_ref idref="fl-11"/>
      </object_component>
      <object_component id="oc-16d">
         <name>.debug_line</name>
         <load_address>0x2400</load_address>
         <run_address>0x2400</run_address>
         <size>0x115</size>
         <input_file_ref idref="fl-11"/>
      </object_component>
      <object_component id="oc-1c1">
         <name>.debug_line</name>
         <load_address>0x2515</load_address>
         <run_address>0x2515</run_address>
         <size>0xb7</size>
         <input_file_ref idref="fl-12"/>
      </object_component>
      <object_component id="oc-138">
         <name>.debug_line</name>
         <load_address>0x25cc</load_address>
         <run_address>0x25cc</run_address>
         <size>0xb3</size>
         <input_file_ref idref="fl-12"/>
      </object_component>
      <object_component id="oc-246">
         <name>.debug_line</name>
         <load_address>0x267f</load_address>
         <run_address>0x267f</run_address>
         <size>0xb5</size>
         <input_file_ref idref="fl-12"/>
      </object_component>
      <object_component id="oc-24e">
         <name>.debug_line</name>
         <load_address>0x2734</load_address>
         <run_address>0x2734</run_address>
         <size>0xb0</size>
         <input_file_ref idref="fl-12"/>
      </object_component>
      <object_component id="oc-209">
         <name>.debug_line</name>
         <load_address>0x27e4</load_address>
         <run_address>0x27e4</run_address>
         <size>0xb3</size>
         <input_file_ref idref="fl-12"/>
      </object_component>
      <object_component id="oc-1d2">
         <name>.debug_line</name>
         <load_address>0x2897</load_address>
         <run_address>0x2897</run_address>
         <size>0xb3</size>
         <input_file_ref idref="fl-12"/>
      </object_component>
      <object_component id="oc-1fc">
         <name>.debug_line</name>
         <load_address>0x294a</load_address>
         <run_address>0x294a</run_address>
         <size>0xb3</size>
         <input_file_ref idref="fl-12"/>
      </object_component>
      <object_component id="oc-202">
         <name>.debug_line</name>
         <load_address>0x29fd</load_address>
         <run_address>0x29fd</run_address>
         <size>0xb3</size>
         <input_file_ref idref="fl-12"/>
      </object_component>
      <object_component id="oc-1d8">
         <name>.debug_line</name>
         <load_address>0x2ab0</load_address>
         <run_address>0x2ab0</run_address>
         <size>0xb3</size>
         <input_file_ref idref="fl-12"/>
      </object_component>
      <object_component id="oc-1de">
         <name>.debug_line</name>
         <load_address>0x2b63</load_address>
         <run_address>0x2b63</run_address>
         <size>0xb3</size>
         <input_file_ref idref="fl-12"/>
      </object_component>
      <object_component id="oc-1f6">
         <name>.debug_line</name>
         <load_address>0x2c16</load_address>
         <run_address>0x2c16</run_address>
         <size>0xb9</size>
         <input_file_ref idref="fl-12"/>
      </object_component>
      <object_component id="oc-1c6">
         <name>.debug_line</name>
         <load_address>0x2ccf</load_address>
         <run_address>0x2ccf</run_address>
         <size>0xb3</size>
         <input_file_ref idref="fl-12"/>
      </object_component>
      <object_component id="oc-1cd">
         <name>.debug_line</name>
         <load_address>0x2d82</load_address>
         <run_address>0x2d82</run_address>
         <size>0xb3</size>
         <input_file_ref idref="fl-12"/>
      </object_component>
      <object_component id="oc-1ea">
         <name>.debug_line</name>
         <load_address>0x2e35</load_address>
         <run_address>0x2e35</run_address>
         <size>0xb3</size>
         <input_file_ref idref="fl-12"/>
      </object_component>
      <object_component id="oc-1e4">
         <name>.debug_line</name>
         <load_address>0x2ee8</load_address>
         <run_address>0x2ee8</run_address>
         <size>0xb3</size>
         <input_file_ref idref="fl-12"/>
      </object_component>
      <object_component id="oc-1f1">
         <name>.debug_line</name>
         <load_address>0x2f9b</load_address>
         <run_address>0x2f9b</run_address>
         <size>0xbd</size>
         <input_file_ref idref="fl-12"/>
      </object_component>
      <object_component id="oc-23f">
         <name>.debug_line</name>
         <load_address>0x3058</load_address>
         <run_address>0x3058</run_address>
         <size>0xc6</size>
         <input_file_ref idref="fl-12"/>
      </object_component>
      <object_component id="oc-b0">
         <name>.debug_line</name>
         <load_address>0x311e</load_address>
         <run_address>0x311e</run_address>
         <size>0xcd</size>
         <input_file_ref idref="fl-12"/>
      </object_component>
      <object_component id="oc-a9">
         <name>.debug_line</name>
         <load_address>0x31eb</load_address>
         <run_address>0x31eb</run_address>
         <size>0x12a</size>
         <input_file_ref idref="fl-12"/>
      </object_component>
      <object_component id="oc-1b1">
         <name>.debug_line</name>
         <load_address>0x3315</load_address>
         <run_address>0x3315</run_address>
         <size>0xc7</size>
         <input_file_ref idref="fl-12"/>
      </object_component>
      <object_component id="oc-1b7">
         <name>.debug_line</name>
         <load_address>0x33dc</load_address>
         <run_address>0x33dc</run_address>
         <size>0xc1</size>
         <input_file_ref idref="fl-12"/>
      </object_component>
      <object_component id="oc-13d">
         <name>.debug_line</name>
         <load_address>0x349d</load_address>
         <run_address>0x349d</run_address>
         <size>0xcf</size>
         <input_file_ref idref="fl-12"/>
      </object_component>
      <object_component id="oc-b5">
         <name>.debug_line</name>
         <load_address>0x356c</load_address>
         <run_address>0x356c</run_address>
         <size>0xba</size>
         <input_file_ref idref="fl-12"/>
      </object_component>
      <object_component id="oc-143">
         <name>.debug_line</name>
         <load_address>0x3626</load_address>
         <run_address>0x3626</run_address>
         <size>0x101</size>
         <input_file_ref idref="fl-12"/>
      </object_component>
      <object_component id="oc-20c">
         <name>.debug_line</name>
         <load_address>0x3727</load_address>
         <run_address>0x3727</run_address>
         <size>0x118</size>
         <input_file_ref idref="fl-12"/>
      </object_component>
      <object_component id="oc-6e">
         <name>.debug_line</name>
         <load_address>0x383f</load_address>
         <run_address>0x383f</run_address>
         <size>0x61</size>
         <input_file_ref idref="fl-1e"/>
      </object_component>
      <object_component id="oc-164">
         <name>.debug_line</name>
         <load_address>0x38a0</load_address>
         <run_address>0x38a0</run_address>
         <size>0x21</size>
         <input_file_ref idref="fl-1e"/>
      </object_component>
      <object_component id="oc-a1">
         <name>.debug_line</name>
         <load_address>0x38c1</load_address>
         <run_address>0x38c1</run_address>
         <size>0x4f</size>
         <input_file_ref idref="fl-1f"/>
      </object_component>
      <object_component id="oc-53">
         <name>.debug_line</name>
         <load_address>0x3910</load_address>
         <run_address>0x3910</run_address>
         <size>0xae</size>
         <input_file_ref idref="fl-20"/>
      </object_component>
      <object_component id="oc-123">
         <name>.debug_line</name>
         <load_address>0x39be</load_address>
         <run_address>0x39be</run_address>
         <size>0x3f</size>
         <input_file_ref idref="fl-22"/>
      </object_component>
      <object_component id="oc-213">
         <name>.debug_line</name>
         <load_address>0x39fd</load_address>
         <run_address>0x39fd</run_address>
         <size>0x21</size>
         <input_file_ref idref="fl-22"/>
      </object_component>
      <object_component id="oc-175">
         <name>.debug_line</name>
         <load_address>0x3a1e</load_address>
         <run_address>0x3a1e</run_address>
         <size>0x71</size>
         <input_file_ref idref="fl-23"/>
      </object_component>
      <object_component id="oc-25f">
         <name>.debug_line</name>
         <load_address>0x3a8f</load_address>
         <run_address>0x3a8f</run_address>
         <size>0x21</size>
         <input_file_ref idref="fl-23"/>
      </object_component>
      <object_component id="oc-42">
         <name>.debug_line</name>
         <load_address>0x3ab0</load_address>
         <run_address>0x3ab0</run_address>
         <size>0x52</size>
         <input_file_ref idref="fl-24"/>
      </object_component>
      <object_component id="oc-11a">
         <name>.debug_line</name>
         <load_address>0x3b02</load_address>
         <run_address>0x3b02</run_address>
         <size>0x21</size>
         <input_file_ref idref="fl-24"/>
      </object_component>
      <object_component id="oc-19">
         <name>.debug_line</name>
         <load_address>0x3b23</load_address>
         <run_address>0x3b23</run_address>
         <size>0x57</size>
         <input_file_ref idref="fl-25"/>
      </object_component>
      <object_component id="oc-92">
         <name>.debug_line</name>
         <load_address>0x3b7a</load_address>
         <run_address>0x3b7a</run_address>
         <size>0x21</size>
         <input_file_ref idref="fl-25"/>
      </object_component>
      <object_component id="oc-15">
         <name>.debug_line</name>
         <load_address>0x3b9b</load_address>
         <run_address>0x3b9b</run_address>
         <size>0x9a</size>
         <input_file_ref idref="fl-26"/>
      </object_component>
      <object_component id="oc-8d">
         <name>.debug_line</name>
         <load_address>0x3c35</load_address>
         <run_address>0x3c35</run_address>
         <size>0x21</size>
         <input_file_ref idref="fl-26"/>
      </object_component>
      <object_component id="oc-22e">
         <name>.debug_line</name>
         <load_address>0x3c56</load_address>
         <run_address>0x3c56</run_address>
         <size>0x2b</size>
         <input_file_ref idref="fl-27"/>
      </object_component>
      <object_component id="oc-130">
         <name>.debug_line</name>
         <load_address>0x3c81</load_address>
         <run_address>0x3c81</run_address>
         <size>0x66</size>
         <input_file_ref idref="fl-27"/>
      </object_component>
      <object_component id="oc-239">
         <name>.debug_line</name>
         <load_address>0x3ce7</load_address>
         <run_address>0x3ce7</run_address>
         <size>0x21</size>
         <input_file_ref idref="fl-27"/>
      </object_component>
      <object_component id="oc-236">
         <name>.debug_line</name>
         <load_address>0x3d08</load_address>
         <run_address>0x3d08</run_address>
         <size>0x2c</size>
         <input_file_ref idref="fl-28"/>
      </object_component>
      <object_component id="oc-274">
         <name>.debug_line</name>
         <load_address>0x3d34</load_address>
         <run_address>0x3d34</run_address>
         <size>0x2c</size>
         <input_file_ref idref="fl-28"/>
      </object_component>
      <object_component id="oc-232">
         <name>.debug_line</name>
         <load_address>0x3d60</load_address>
         <run_address>0x3d60</run_address>
         <size>0x5f</size>
         <input_file_ref idref="fl-28"/>
      </object_component>
      <object_component id="oc-268">
         <name>.debug_line</name>
         <load_address>0x3dbf</load_address>
         <run_address>0x3dbf</run_address>
         <size>0x21</size>
         <input_file_ref idref="fl-28"/>
      </object_component>
      <object_component id="oc-127">
         <name>.debug_line</name>
         <load_address>0x3de0</load_address>
         <run_address>0x3de0</run_address>
         <size>0x4e</size>
         <input_file_ref idref="fl-29"/>
      </object_component>
      <object_component id="oc-22b">
         <name>.debug_line</name>
         <load_address>0x3e2e</load_address>
         <run_address>0x3e2e</run_address>
         <size>0x30</size>
         <input_file_ref idref="fl-29"/>
      </object_component>
      <object_component id="oc-9b">
         <name>.debug_line</name>
         <load_address>0x3e5e</load_address>
         <run_address>0x3e5e</run_address>
         <size>0xb2</size>
         <input_file_ref idref="fl-2a"/>
      </object_component>
      <object_component id="oc-170">
         <name>.debug_line</name>
         <load_address>0x3f10</load_address>
         <run_address>0x3f10</run_address>
         <size>0x21</size>
         <input_file_ref idref="fl-2a"/>
      </object_component>
      <object_component id="oc-36">
         <name>.debug_line</name>
         <load_address>0x3f31</load_address>
         <run_address>0x3f31</run_address>
         <size>0x63</size>
         <input_file_ref idref="fl-2c"/>
      </object_component>
      <object_component id="oc-117">
         <name>.debug_line</name>
         <load_address>0x3f94</load_address>
         <run_address>0x3f94</run_address>
         <size>0x21</size>
         <input_file_ref idref="fl-2c"/>
      </object_component>
      <object_component id="oc-218">
         <name>.debug_line</name>
         <load_address>0x3fb5</load_address>
         <run_address>0x3fb5</run_address>
         <size>0x3b</size>
         <input_file_ref idref="fl-2d"/>
      </object_component>
      <object_component id="oc-26e">
         <name>.debug_line</name>
         <load_address>0x3ff0</load_address>
         <run_address>0x3ff0</run_address>
         <size>0x21</size>
         <input_file_ref idref="fl-2d"/>
      </object_component>
      <object_component id="oc-29">
         <name>.debug_frame</name>
         <load_address>0x0</load_address>
         <run_address>0x0</run_address>
         <size>0x6f0</size>
         <input_file_ref idref="fl-2"/>
      </object_component>
      <object_component id="oc-2d">
         <name>.debug_frame</name>
         <load_address>0x6f0</load_address>
         <run_address>0x6f0</run_address>
         <size>0x140</size>
         <input_file_ref idref="fl-2"/>
      </object_component>
      <object_component id="oc-56">
         <name>.debug_frame</name>
         <load_address>0x830</load_address>
         <run_address>0x830</run_address>
         <size>0x12c</size>
         <input_file_ref idref="fl-3"/>
      </object_component>
      <object_component id="oc-68">
         <name>.debug_frame</name>
         <load_address>0x95c</load_address>
         <run_address>0x95c</run_address>
         <size>0x5c</size>
         <input_file_ref idref="fl-5"/>
      </object_component>
      <object_component id="oc-105">
         <name>.debug_frame</name>
         <load_address>0x9b8</load_address>
         <run_address>0x9b8</run_address>
         <size>0x44</size>
         <input_file_ref idref="fl-e"/>
      </object_component>
      <object_component id="oc-7e">
         <name>.debug_frame</name>
         <load_address>0x9fc</load_address>
         <run_address>0x9fc</run_address>
         <size>0x44</size>
         <input_file_ref idref="fl-e"/>
      </object_component>
      <object_component id="oc-14e">
         <name>.debug_frame</name>
         <load_address>0xa40</load_address>
         <run_address>0xa40</run_address>
         <size>0x44</size>
         <input_file_ref idref="fl-f"/>
      </object_component>
      <object_component id="oc-c4">
         <name>.debug_frame</name>
         <load_address>0xa84</load_address>
         <run_address>0xa84</run_address>
         <size>0x44</size>
         <input_file_ref idref="fl-f"/>
      </object_component>
      <object_component id="oc-be">
         <name>.debug_frame</name>
         <load_address>0xac8</load_address>
         <run_address>0xac8</run_address>
         <size>0x44</size>
         <input_file_ref idref="fl-f"/>
      </object_component>
      <object_component id="oc-f3">
         <name>.debug_frame</name>
         <load_address>0xb0c</load_address>
         <run_address>0xb0c</run_address>
         <size>0x44</size>
         <input_file_ref idref="fl-f"/>
      </object_component>
      <object_component id="oc-ca">
         <name>.debug_frame</name>
         <load_address>0xb50</load_address>
         <run_address>0xb50</run_address>
         <size>0x44</size>
         <input_file_ref idref="fl-f"/>
      </object_component>
      <object_component id="oc-ec">
         <name>.debug_frame</name>
         <load_address>0xb94</load_address>
         <run_address>0xb94</run_address>
         <size>0x44</size>
         <input_file_ref idref="fl-f"/>
      </object_component>
      <object_component id="oc-fc">
         <name>.debug_frame</name>
         <load_address>0xbd8</load_address>
         <run_address>0xbd8</run_address>
         <size>0x40</size>
         <input_file_ref idref="fl-10"/>
      </object_component>
      <object_component id="oc-d2">
         <name>.debug_frame</name>
         <load_address>0xc18</load_address>
         <run_address>0xc18</run_address>
         <size>0x40</size>
         <input_file_ref idref="fl-10"/>
      </object_component>
      <object_component id="oc-d6">
         <name>.debug_frame</name>
         <load_address>0xc58</load_address>
         <run_address>0xc58</run_address>
         <size>0x40</size>
         <input_file_ref idref="fl-10"/>
      </object_component>
      <object_component id="oc-e6">
         <name>.debug_frame</name>
         <load_address>0xc98</load_address>
         <run_address>0xc98</run_address>
         <size>0x40</size>
         <input_file_ref idref="fl-10"/>
      </object_component>
      <object_component id="oc-e0">
         <name>.debug_frame</name>
         <load_address>0xcd8</load_address>
         <run_address>0xcd8</run_address>
         <size>0x40</size>
         <input_file_ref idref="fl-10"/>
      </object_component>
      <object_component id="oc-5f">
         <name>.debug_frame</name>
         <load_address>0xd18</load_address>
         <run_address>0xd18</run_address>
         <size>0x40</size>
         <input_file_ref idref="fl-10"/>
      </object_component>
      <object_component id="oc-66">
         <name>.debug_frame</name>
         <load_address>0xd58</load_address>
         <run_address>0xd58</run_address>
         <size>0x44</size>
         <input_file_ref idref="fl-10"/>
      </object_component>
      <object_component id="oc-7b">
         <name>.debug_frame</name>
         <load_address>0xd9c</load_address>
         <run_address>0xd9c</run_address>
         <size>0x44</size>
         <input_file_ref idref="fl-10"/>
      </object_component>
      <object_component id="oc-10b">
         <name>.debug_frame</name>
         <load_address>0xde0</load_address>
         <run_address>0xde0</run_address>
         <size>0x44</size>
         <input_file_ref idref="fl-11"/>
      </object_component>
      <object_component id="oc-85">
         <name>.debug_frame</name>
         <load_address>0xe24</load_address>
         <run_address>0xe24</run_address>
         <size>0x50</size>
         <input_file_ref idref="fl-11"/>
      </object_component>
      <object_component id="oc-1c0">
         <name>.debug_frame</name>
         <load_address>0xe74</load_address>
         <run_address>0xe74</run_address>
         <size>0x44</size>
         <input_file_ref idref="fl-12"/>
      </object_component>
      <object_component id="oc-137">
         <name>.debug_frame</name>
         <load_address>0xeb8</load_address>
         <run_address>0xeb8</run_address>
         <size>0x40</size>
         <input_file_ref idref="fl-12"/>
      </object_component>
      <object_component id="oc-245">
         <name>.debug_frame</name>
         <load_address>0xef8</load_address>
         <run_address>0xef8</run_address>
         <size>0x40</size>
         <input_file_ref idref="fl-12"/>
      </object_component>
      <object_component id="oc-24f">
         <name>.debug_frame</name>
         <load_address>0xf38</load_address>
         <run_address>0xf38</run_address>
         <size>0x44</size>
         <input_file_ref idref="fl-12"/>
      </object_component>
      <object_component id="oc-208">
         <name>.debug_frame</name>
         <load_address>0xf7c</load_address>
         <run_address>0xf7c</run_address>
         <size>0x44</size>
         <input_file_ref idref="fl-12"/>
      </object_component>
      <object_component id="oc-1d3">
         <name>.debug_frame</name>
         <load_address>0xfc0</load_address>
         <run_address>0xfc0</run_address>
         <size>0x44</size>
         <input_file_ref idref="fl-12"/>
      </object_component>
      <object_component id="oc-1fd">
         <name>.debug_frame</name>
         <load_address>0x1004</load_address>
         <run_address>0x1004</run_address>
         <size>0x44</size>
         <input_file_ref idref="fl-12"/>
      </object_component>
      <object_component id="oc-203">
         <name>.debug_frame</name>
         <load_address>0x1048</load_address>
         <run_address>0x1048</run_address>
         <size>0x44</size>
         <input_file_ref idref="fl-12"/>
      </object_component>
      <object_component id="oc-1d9">
         <name>.debug_frame</name>
         <load_address>0x108c</load_address>
         <run_address>0x108c</run_address>
         <size>0x44</size>
         <input_file_ref idref="fl-12"/>
      </object_component>
      <object_component id="oc-1df">
         <name>.debug_frame</name>
         <load_address>0x10d0</load_address>
         <run_address>0x10d0</run_address>
         <size>0x44</size>
         <input_file_ref idref="fl-12"/>
      </object_component>
      <object_component id="oc-1f7">
         <name>.debug_frame</name>
         <load_address>0x1114</load_address>
         <run_address>0x1114</run_address>
         <size>0x44</size>
         <input_file_ref idref="fl-12"/>
      </object_component>
      <object_component id="oc-1c7">
         <name>.debug_frame</name>
         <load_address>0x1158</load_address>
         <run_address>0x1158</run_address>
         <size>0x44</size>
         <input_file_ref idref="fl-12"/>
      </object_component>
      <object_component id="oc-1cc">
[...]
         <unused_space>0x1000</unused_space>
         <attributes>RWIX</attributes>
         <usage_details>
         </usage_details>
      </memory_area>
      <memory_area display="yes" color="green">
         <name>FLASH_BANK1_SEC12</name>
         <page_id>0x0</page_id>
         <origin>0x9c000</origin>
         <length>0x1000</length>
         <used_space>0x0</used_space>
         <unused_space>0x1000</unused_space>
         <attributes>RWIX</attributes>
         <usage_details>
         </usage_details>
      </memory_area>
      <memory_area display="yes" color="green">
         <name>FLASH_BANK1_SEC13</name>
         <page_id>0x0</page_id>
         <origin>0x9d000</origin>
         <length>0x1000</length>
         <used_space>0x0</used_space>
         <unused_space>0x1000</unused_space>
         <attributes>RWIX</attributes>
         <usage_details>
         </usage_details>
      </memory_area>
      <memory_area display="yes" color="green">
         <name>FLASH_BANK1_SEC14</name>
         <page_id>0x0</page_id>
         <origin>0x9e000</origin>
         <length>0x1000</length>
         <used_space>0x0</used_space>
         <unused_space>0x1000</unused_space>
         <attributes>RWIX</attributes>
         <usage_details>
         </usage_details>
      </memory_area>
      <memory_area display="yes" color="green">
         <name>FLASH_BANK1_SEC15</name>
         <page_id>0x0</page_id>
         <origin>0x9f000</origin>
         <length>0x1000</length>
         <used_space>0x0</used_space>
         <unused_space>0x1000</unused_space>
         <attributes>RWIX</attributes>
         <usage_details>
         </usage_details>
      </memory_area>
      <memory_area display="no" color="green">
         <name>RESET</name>
         <page_id>0x0</page_id>
         <origin>0x3fffc0</origin>
         <length>0x2</length>
         <used_space>0x0</used_space>
         <unused_space>0x2</unused_space>
         <attributes>RWIX</attributes>
         <usage_details>
         </usage_details>
      </memory_area>
      <memory_area display="yes" color="green">
         <name>BOOT_RSVD</name>
         <page_id>0x1</page_id>
         <origin>0x2</origin>
         <length>0xf1</length>
         <used_space>0x0</used_space>
         <unused_space>0xf1</unused_space>
         <attributes>RWIX</attributes>
         <usage_details>
         </usage_details>
      </memory_area>
      <memory_area display="yes" color="green">
         <name>RAMM1</name>
         <page_id>0x1</page_id>
         <origin>0x400</origin>
         <length>0x3f8</length>
         <used_space>0x100</used_space>
         <unused_space>0x2f8</unused_space>
         <attributes>RWIX</attributes>
         <usage_details>
            <allocated_space>
               <start_address>0x400</start_address>
               <size>0x100</size>
               <logical_group_ref idref="lg-8"/>
            </allocated_space>
            <available_space>
               <start_address>0x500</start_address>
               <size>0x2f8</size>
            </available_space>
         </usage_details>
      </memory_area>
      <memory_area display="yes" color="green">
         <name>RAMLS5</name>
         <page_id>0x1</page_id>
         <origin>0xa800</origin>
         <length>0x800</length>
         <used_space>0x3f9</used_space>
         <unused_space>0x407</unused_space>
         <attributes>RWIX</attributes>
         <usage_details>
            <allocated_space>
               <start_address>0xa800</start_address>
               <size>0x3ef</size>
               <logical_group_ref idref="lg-c"/>
            </allocated_space>
            <available_space>
               <start_address>0xabef</start_address>
               <size>0x1</size>
            </available_space>
            <allocated_space>
               <start_address>0xabf0</start_address>
               <size>0xa</size>
               <logical_group_ref idref="lg-d"/>
            </allocated_space>
            <available_space>
               <start_address>0xabfa</start_address>
               <size>0x406</size>
            </available_space>
         </usage_details>
      </memory_area>
      <memory_area display="yes" color="green">
         <name>RAMLS6</name>
         <page_id>0x1</page_id>
         <origin>0xb000</origin>
         <length>0x800</length>
         <used_space>0x0</used_space>
         <unused_space>0x800</unused_space>
         <attributes>RWIX</attributes>
         <usage_details>
         </usage_details>
      </memory_area>
      <memory_area display="yes" color="green">
         <name>RAMLS7</name>
         <page_id>0x1</page_id>
         <origin>0xb800</origin>
         <length>0x800</length>
         <used_space>0x0</used_space>
         <unused_space>0x800</unused_space>
         <attributes>RWIX</attributes>
         <usage_details>
         </usage_details>
      </memory_area>
      <memory_area display="yes" color="green">
         <name>RAMGS0</name>
         <page_id>0x1</page_id>
         <origin>0xc000</origin>
         <length>0x7ff8</length>
         <used_space>0x472a</used_space>
         <unused_space>0x38ce</unused_space>
         <attributes>RWIX</attributes>
         <usage_details>
            <allocated_space>
               <start_address>0xc000</start_address>
               <size>0x3026</size>
               <logical_group_ref idref="lg-9"/>
            </allocated_space>
            <allocated_space>
               <start_address>0xf026</start_address>
               <size>0x1704</size>
               <logical_group_ref idref="lg-4"/>
            </allocated_space>
            <available_space>
               <start_address>0x1072a</start_address>
               <size>0x38ce</size>
            </available_space>
         </usage_details>
      </memory_area>
   </placement_map>
   <cptbl_list>
      <cptbl>
         <name>__TI_cinit_table</name>
         <cprec>
            <name>.data</name>
            <load_address>0xf8</load_address>
            <load_size>0x9</load_size>
            <run_address>0xabf0</run_address>
            <run_size>0xa</run_size>
            <compression>lzss</compression>
         </cprec>
         <cprec>
            <name>.bss</name>
            <load_address>0x108</load_address>
            <load_size>0x4</load_size>
            <run_address>0xc000</run_address>
            <run_size>0x3026</run_size>
            <compression>zero_init</compression>
         </cprec>
      </cptbl>
   </cptbl_list>
   <handler_table>
      <handler_table_name>__TI_handler_table</handler_table_name>
      <handler>
         <index>0x0</index>
         <name>__TI_zero_init</name>
      </handler>
      <handler>
         <index>0x1</index>
         <name>__TI_decompress_lzss</name>
      </handler>
      <handler>
         <index>0x2</index>
         <name>__TI_decompress_none</name>
      </handler>
   </handler_table>
   <symbol_table>
      <symbol id="sm-1">
         <name>__TI_CINIT_Base</name>
         <value>0x10c</value>
      </symbol>
      <symbol id="sm-2">
         <name>__TI_CINIT_Limit</name>
         <value>0x114</value>
      </symbol>
      <symbol id="sm-3">
         <name>__TI_Handler_Table_Base</name>
         <value>0x102</value>
      </symbol>
      <symbol id="sm-4">
         <name>__TI_Handler_Table_Limit</name>
         <value>0x108</value>
      </symbol>
      <symbol id="sm-5">
         <name>__TI_STACK_SIZE</name>
         <value>0x100</value>
      </symbol>
      <symbol id="sm-6">
         <name>__TI_STACK_END</name>
         <value>0x500</value>
      </symbol>
      <symbol id="sm-7">
         <name>__TI_pprof_out_hndl</name>
         <value>0xffffffff</value>
      </symbol>
      <symbol id="sm-8">
         <name>__TI_prof_data_start</name>
         <value>0xffffffff</value>
      </symbol>
      <symbol id="sm-9">
         <name>__TI_prof_data_size</name>
         <value>0xffffffff</value>
      </symbol>
      <symbol id="sm-fa">
         <name>eqepStepCount</name>
         <value>0xf003</value>
         <object_component_ref idref="oc-4c"/>
      </symbol>
      <symbol id="sm-fb">
         <name>adcA1ISR</name>
         <value>0xfd1f</value>
         <object_component_ref idref="oc-23"/>
      </symbol>
      <symbol id="sm-fc">
         <name>initEPWM7</name>
         <value>0xfa14</value>
         <object_component_ref idref="oc-24"/>
      </symbol>
      <symbol id="sm-fd">
         <name>initEPWM6</name>
         <value>0xf99f</value>
         <object_component_ref idref="oc-24"/>
      </symbol>
      <symbol id="sm-fe">
         <name>epwm4Info</name>
         <value>0xf01e</value>
         <object_component_ref idref="oc-4c"/>
      </symbol>
      <symbol id="sm-ff">
         <name>stepCount</name>
         <value>0xf002</value>
         <object_component_ref idref="oc-4c"/>
      </symbol>
      <symbol id="sm-100">
         <name>updateCompare</name>
         <value>0xfaaf</value>
         <object_component_ref idref="oc-24"/>
      </symbol>
      <symbol id="sm-101">
         <name>arrayShift</name>
         <value>0xf004</value>
         <object_component_ref idref="oc-4c"/>
      </symbol>
      <symbol id="sm-102">
         <name>updateCompareModule</name>
         <value>0xfae3</value>
         <object_component_ref idref="oc-24"/>
      </symbol>
      <symbol id="sm-103">
         <name>initSPIAMaster</name>
         <value>0xfb0e</value>
         <object_component_ref idref="oc-24"/>
      </symbol>
      <symbol id="sm-104">
         <name>epwm2Info</name>
         <value>0xf016</value>
         <object_component_ref idref="oc-4c"/>
      </symbol>
      <symbol id="sm-105">
         <name>initADCSOC</name>
         <value>0xf9f3</value>
         <object_component_ref idref="oc-24"/>
      </symbol>
      <symbol id="sm-106">
         <name>main</name>
         <value>0xf663</value>
         <object_component_ref idref="oc-24"/>
      </symbol>
      <symbol id="sm-107">
         <name>initialized</name>
         <value>0xf006</value>
         <object_component_ref idref="oc-4c"/>
      </symbol>
      <symbol id="sm-108">
         <name>DUTY_SCALE_FACTOR</name>
         <value>0xf008</value>
         <object_component_ref idref="oc-4c"/>
      </symbol>
      <symbol id="sm-109">
         <name>adcResult</name>
         <value>0xf001</value>
         <object_component_ref idref="oc-4c"/>
      </symbol>
      <symbol id="sm-10a">
         <name>epwm1ISR</name>
         <value>0xfce1</value>
         <object_component_ref idref="oc-23"/>
      </symbol>
      <symbol id="sm-10b">
         <name>dutyPercentage</name>
         <value>0xf00c</value>
         <object_component_ref idref="oc-4c"/>
      </symbol>
      <symbol id="sm-10c">
         <name>epwm1Info</name>
         <value>0xf00e</value>
         <object_component_ref idref="oc-4c"/>
      </symbol>
      <symbol id="sm-10d">
         <name>initADC</name>
         <value>0xf9d5</value>
         <object_component_ref idref="oc-24"/>
      </symbol>
      <symbol id="sm-10e">
         <name>spiResult</name>
         <value>0xf005</value>
         <object_component_ref idref="oc-4c"/>
      </symbol>
      <symbol id="sm-10f">
         <name>positionArray</name>
         <value>0xc000</value>
         <object_component_ref idref="oc-73"/>
      </symbol>
      <symbol id="sm-110">
         <name>DUTY_OFFSET</name>
         <value>0xf00a</value>
         <object_component_ref idref="oc-4c"/>
      </symbol>
      <symbol id="sm-111">
         <name>initSineEPWM</name>
         <value>0xf94a</value>
         <object_component_ref idref="oc-24"/>
      </symbol>
      <symbol id="sm-112">
         <name>initEQEP</name>
         <value>0xfa76</value>
         <object_component_ref idref="oc-24"/>
      </symbol>
      <symbol id="sm-113">
         <name>EPWM_MAX_CMP</name>
         <value>0xf000</value>
         <object_component_ref idref="oc-4c"/>
      </symbol>
      <symbol id="sm-12a">
         <name>Device_enableAllPeripherals</name>
         <value>0xfbed</value>
         <object_component_ref idref="oc-55"/>
      </symbol>
      <symbol id="sm-12b">
         <name>Device_initGPIO</name>
         <value>0xfcca</value>
         <object_component_ref idref="oc-55"/>
      </symbol>
      <symbol id="sm-12c">
         <name>Device_init</name>
         <value>0xfb9c</value>
         <object_component_ref idref="oc-55"/>
      </symbol>
      <symbol id="sm-12d">
         <name>__error__</name>
         <value>0xfcda</value>
         <object_component_ref idref="oc-55"/>
      </symbol>
      <symbol id="sm-13c">
         <name>code_start</name>
         <value>0x0</value>
         <object_component_ref idref="oc-1e"/>
      </symbol>
      <symbol id="sm-149">
         <name>PinMux_init</name>
         <value>0xff93</value>
         <object_component_ref idref="oc-67"/>
      </symbol>
      <symbol id="sm-14a">
         <name>Board_init</name>
         <value>0xff8e</value>
         <object_component_ref idref="oc-67"/>
      </symbol>
      <symbol id="sm-16f">
         <name>ADC_setVREF</name>
         <value>0x10084</value>
         <object_component_ref idref="oc-7d"/>
      </symbol>
      <symbol id="sm-1b5">
         <name>GPIO_setQualificationMode</name>
         <value>0x10313</value>
         <object_component_ref idref="oc-ee"/>
      </symbol>
      <symbol id="sm-1b6">
         <name>GPIO_setPadConfig</name>
         <value>0x101f8</value>
         <object_component_ref idref="oc-b9"/>
      </symbol>
      <symbol id="sm-1b7">
         <name>GPIO_setAnalogMode</name>
         <value>0x102d8</value>
         <object_component_ref idref="oc-c5"/>
      </symbol>
      <symbol id="sm-1b8">
         <name>GPIO_setDirectionMode</name>
         <value>0x103b6</value>
         <object_component_ref idref="oc-bf"/>
      </symbol>
      <symbol id="sm-1b9">
         <name>GPIO_setPinConfig</name>
         <value>0x1034b</value>
         <object_component_ref idref="oc-e8"/>
      </symbol>
      <symbol id="sm-20b">
         <name>Interrupt_initModule</name>
         <value>0x1029b</value>
         <object_component_ref idref="oc-5b"/>
      </symbol>
      <symbol id="sm-20c">
         <name>Interrupt_enable</name>
         <value>0x10382</value>
         <object_component_ref idref="oc-76"/>
      </symbol>
      <symbol id="sm-20d">
         <name>Interrupt_initVectorTable</name>
         <value>0x104db</value>
         <object_component_ref idref="oc-61"/>
      </symbol>
      <symbol id="sm-22c">
         <name>SPI_setConfig</name>
         <value>0x100e8</value>
         <object_component_ref idref="oc-83"/>
      </symbol>
      <symbol id="sm-33e">
         <name>SysCtl_isPLLValid</name>
         <value>0xfe54</value>
         <object_component_ref idref="oc-13f"/>
      </symbol>
      <symbol id="sm-33f">
         <name>SysCtl_delay</name>
         <value>0xf4</value>
         <object_component_ref idref="oc-7c"/>
      </symbol>
      <symbol id="sm-340">
         <name>SysCtl_selectXTALSingleEnded</name>
         <value>0x10588</value>
         <object_component_ref idref="oc-1b5"/>
      </symbol>
      <symbol id="sm-341">
         <name>SysCtl_selectXTAL</name>
         <value>0x104b7</value>
         <object_component_ref idref="oc-1af"/>
      </symbol>
      <symbol id="sm-342">
         <name>SysCtl_selectOscSource</name>
         <value>0x10144</value>
         <object_component_ref idref="oc-139"/>
      </symbol>
      <symbol id="sm-343">
         <name>SysCtl_getLowSpeedClock</name>
         <value>0x1056e</value>
         <object_component_ref idref="oc-b3"/>
      </symbol>
      <symbol id="sm-344">
         <name>SysCtl_setClock</name>
         <value>0xfd9e</value>
         <object_component_ref idref="oc-a6"/>
      </symbol>
      <symbol id="sm-345">
         <name>SysCtl_getClock</name>
         <value>0x1024a</value>
         <object_component_ref idref="oc-ac"/>
      </symbol>
      <symbol id="sm-353">
         <name>sinf</name>
         <value>0x1019f</value>
         <object_component_ref idref="oc-6d"/>
      </symbol>
      <symbol id="sm-35d">
         <name>_c_int00</name>
         <value>0x105e7</value>
         <object_component_ref idref="oc-9d"/>
      </symbol>
      <symbol id="sm-35e">
         <name>__stack</name>
         <value>0x400</value>
         <object_component_ref idref="oc-2f"/>
      </symbol>
      <symbol id="sm-36b">
         <name>__c28xabi_divf</name>
         <value>0xff06</value>
         <object_component_ref idref="oc-4f"/>
      </symbol>
      <symbol id="sm-379">
         <name>_system_pre_init</name>
         <value>0x10727</value>
         <object_component_ref idref="oc-11e"/>
      </symbol>
      <symbol id="sm-388">
         <name>__TI_auto_init_nobinit_nopinit</name>
         <value>0x10418</value>
         <object_component_ref idref="oc-174"/>
      </symbol>
      <symbol id="sm-395">
         <name>__TI_zero_init</name>
         <value>0x1071d</value>
         <object_component_ref idref="oc-40"/>
      </symbol>
      <symbol id="sm-3a2">
         <name>__TI_decompress_none</name>
         <value>0x106ff</value>
         <object_component_ref idref="oc-17"/>
      </symbol>
      <symbol id="sm-3b6">
         <name>__TI_decompress_lzss</name>
         <value>0x103e7</value>
         <object_component_ref idref="oc-11"/>
      </symbol>
      <symbol id="sm-3cc">
         <name>C$$EXIT</name>
         <value>0x10443</value>
         <object_component_ref idref="oc-12b"/>
      </symbol>
      <symbol id="sm-3cd">
         <name>abort</name>
         <value>0x10443</value>
         <object_component_ref idref="oc-12b"/>
      </symbol>
      <symbol id="sm-3ce">
         <name>exit</name>
         <value>0x10445</value>
         <object_component_ref idref="oc-12b"/>
      </symbol>
      <symbol id="sm-3cf">
         <name>__TI_dtors_ptr</name>
         <value>0xabf4</value>
         <object_component_ref idref="oc-1a6"/>
      </symbol>
      <symbol id="sm-3d0">
         <name>__TI_cleanup_ptr</name>
         <value>0xabf2</value>
         <object_component_ref idref="oc-1a6"/>
      </symbol>
      <symbol id="sm-3d1">
         <name>__TI_enable_exit_profile_output</name>
         <value>0xabf0</value>
         <object_component_ref idref="oc-1a6"/>
      </symbol>
      <symbol id="sm-3e8">
         <name>_nop</name>
         <value>0x106fe</value>
         <object_component_ref idref="oc-22f"/>
      </symbol>
      <symbol id="sm-3e9">
         <name>_lock</name>
         <value>0xabf6</value>
         <object_component_ref idref="oc-1a9"/>
      </symbol>
      <symbol id="sm-3ea">
         <name>_unlock</name>
         <value>0xabf8</value>
         <object_component_ref idref="oc-263"/>
      </symbol>
      <symbol id="sm-3eb">
         <name>_register_lock</name>
         <value>0x106fa</value>
         <object_component_ref idref="oc-22f"/>
      </symbol>
      <symbol id="sm-3ec">
         <name>_register_unlock</name>
         <value>0x106f6</value>
         <object_component_ref idref="oc-22f"/>
      </symbol>
      <symbol id="sm-3fb">
         <name>_args_main</name>
         <value>0x106df</value>
         <object_component_ref idref="oc-125"/>
      </symbol>
      <symbol id="sm-40a">
         <name>memset</name>
         <value>0x10716</value>
         <object_component_ref idref="oc-96"/>
      </symbol>
      <symbol id="sm-41d">
         <name>memcpy</name>
         <value>0x10537</value>
         <object_component_ref idref="oc-32"/>
      </symbol>
      <symbol id="sm-42a">
         <name>_system_post_cinit</name>
         <value>0x10729</value>
         <object_component_ref idref="oc-215"/>
      </symbol>
      <symbol id="sm-42c">
         <name>__c_args__</name>
         <value>0x0</value>
      </symbol>
   </symbol_table>
   <title>Link successful</title>
</link_info>
